Dump	==== PamSettings::GetFiles: =============================
Dir	.etc.security.section: ["/etc/security/pam_pwcheck.conf", "/etc/security/pam_unix2.conf"]
Return	["/etc/security/pam_pwcheck.conf", "/etc/security/pam_unix2.conf"]
Dump	==== PamSettings::GetValues ("unix2", "passwd") =====
Read	.etc.security.v."/etc/security/pam_unix2.conf"."passwd" "nullok use_ldap"
Return	["nullok", "use_ldap"]
Read	.etc.security.v."/etc/security/pam_unix2.conf"."auth" nil
Return	[]
